AquaCrop 7.3 (January 2026) - Output created on (date) : 25-09-2026   at (time) : 12:39:31
Biomass and Yield at Multiple cuttings

   Run:   1
    Nr   Day  Month Year   DAP Interval  Biomass    Sum(B)   Dry-Yield  Sum(Y) Fresh-Yield  Sum(Y)
                                 days     ton/ha    ton/ha    ton/ha    ton/ha    ton/ha    ton/ha
     0     1     7  2011                             0.000               0.000               0.000
  9999     1     1  2012                            19.910               9.557              10.619

   Run:   2
    Nr   Day  Month Year   DAP Interval  Biomass    Sum(B)   Dry-Yield  Sum(Y) Fresh-Yield  Sum(Y)
                                 days     ton/ha    ton/ha    ton/ha    ton/ha    ton/ha    ton/ha
     0     1     7  2012                             0.000               0.000               0.000
  9999     1     1  2013                            19.931               9.567              10.630

   Run:   3
    Nr   Day  Month Year   DAP Interval  Biomass    Sum(B)   Dry-Yield  Sum(Y) Fresh-Yield  Sum(Y)
                                 days     ton/ha    ton/ha    ton/ha    ton/ha    ton/ha    ton/ha
     0     1     7  2013                             0.000               0.000               0.000
  9999     1     1  2014                            19.955               9.579              10.643

   Run:   4
    Nr   Day  Month Year   DAP Interval  Biomass    Sum(B)   Dry-Yield  Sum(Y) Fresh-Yield  Sum(Y)
                                 days     ton/ha    ton/ha    ton/ha    ton/ha    ton/ha    ton/ha
     0     1     7  2014                             0.000               0.000               0.000
  9999     1     1  2015                            19.974               9.588              10.653

   Run:   5
    Nr   Day  Month Year   DAP Interval  Biomass    Sum(B)   Dry-Yield  Sum(Y) Fresh-Yield  Sum(Y)
                                 days     ton/ha    ton/ha    ton/ha    ton/ha    ton/ha    ton/ha
     0     1     7  2015                             0.000               0.000               0.000
  9999     1     1  2016                            19.994               9.597              10.663

   Run:   6
    Nr   Day  Month Year   DAP Interval  Biomass    Sum(B)   Dry-Yield  Sum(Y) Fresh-Yield  Sum(Y)
                                 days     ton/ha    ton/ha    ton/ha    ton/ha    ton/ha    ton/ha
     0     1     7  2016                             0.000               0.000               0.000
  9999     1     1  2017                            20.023               9.611              10.679
